__SWITCHES__ ARM=cr CRH0=68.60 CROM=0.2973 HIER=1 LEAFREC=1 LEAFSCALES=1 LMAXL=2000 LSTEP=8 SAVE=/tmp/n66/grid_licensed/cr_base.npz ZSTART=3e7
  diffusion: r_D at the visibility peak = 7.50 Mpc  ->  l_D = 1868

==============================================================================
  ACOUSTIC TWO-ARM INSTRUMENT — ARM=cr   DRIVING=ON
==============================================================================
  rate: GEOMETRIC (L1)   H0=68.6  Om=0.2973
  z_start = 3e+07   eta_start = 2.927   eta_rec = 485.3   eta_end = 2170
  D_M = 14011 Mpc   r_s = 145.33 Mpc   l_A = pi D/r_s = 302.9   modes = 1452
  visibility: peak at eta = 487.95 (z = 1078.2), FWHM = 43.21 Mpc   R = 3 rho_b/4 rho_g there = 0.62969   1+R = 1.62969
  z_eq(leaf) = 3370.3   Omega_r = 8.818604e-05   rho_r/rho_m at the onset = 8898.69

  projection reach: k_max = 3998/D_M against a reported l_max = 2000 -> ratio 2.00
  projection sampling: dk = 1.963e-04, Bessel period 2pi/D = 4.484e-04, points per period = 2.3
  ⌗ CR's ladder is DISCRETE and physical, so this is not aliasing — but it is only
    not aliasing if the answer does not depend on it. Run KCONT=1 to check.
  hierarchy: LG = 24, handover at tau' = 3.0/Mpc (eta = 309.9), where 3.8% of 1/k_D^2 has accumulated
  so the envelope carries 3.8% of the damping and the multipoles carry 96.2% of it
    modes 0-250 done
    modes 250-500 done
    modes 500-750 done
    modes 750-1000 done
    modes 1000-1250 done
    modes 1250-1452 done
  saved 238 multipoles to /tmp/n66/grid_licensed/cr_base.npz
  --------------------------------------------------------------------------
  PEAKS (line-of-sight, HIERARCHY)   l_A = 302.9
  --------------------------------------------------------------------------
    peaks at l = [220, 532, 812, 1132]
    l_1/l_A = 0.7263   P1/P2 = 2.283   P1/P3 = 2.311
    sky: 220.6 / 538.1 / 809.8,  l_1/l_A = 0.7312,  P1/P2 = 2.217,  P1/P3 = 2.277
