__SWITCHES__ ARM=cr CRH0=68.581133 CROM=0.297209 HIER=1 LEAFGEOM=1 LEAFSCALES=1 NS=0.997952 SAVE=/tmp/n66/r7091/cr_oneclock.npz WBH2=0.021524 ZSTART=3e7
  __ONECLOCK__ LEAFGEOM=1: one clock end to end -- max|Jac-1| = 0.0e+00, max|rs_stack-rs_leaf| = 0.0e+00 Mpc
  diffusion: r_D at the visibility peak = 7.24 Mpc  ->  l_D = 1926

==============================================================================
  ACOUSTIC TWO-ARM INSTRUMENT — ARM=cr   DRIVING=ON
==============================================================================
  rate: GEOMETRIC (L1)   H0=68.581133  Om=0.297209
  z_start = 3e+07   eta_start = 0.016   eta_rec = 282.3   eta_end = 1913
  D_M = 13947 Mpc   r_s = 145.91 Mpc   l_A = pi D/r_s = 300.3   modes = 943
  visibility: peak at eta = 282.34 (z = 1089.9), FWHM = 38.38 Mpc   R = 3 rho_b/4 rho_g there = 0.59856   1+R = 1.59856
  z_eq(leaf) = 3367.4   Omega_r = 8.823457e-05   rho_r/rho_m at the onset = 8906.32

  projection reach: k_max = 2599/D_M against a reported l_max = 1300 -> ratio 2.00
  projection sampling: dk = 1.972e-04, Bessel period 2pi/D = 4.505e-04, points per period = 2.3
  ⌗ CR's ladder is DISCRETE and physical, so this is not aliasing — but it is only
    not aliasing if the answer does not depend on it. Run KCONT=1 to check.
  hierarchy: LG = 24, handover at tau' = 3.0/Mpc (eta = 136.8), where 4.1% of 1/k_D^2 has accumulated
  so the envelope carries 4.1% of the damping and the multipoles carry 95.9% of it
    modes 0-250 done
    modes 250-500 done
    modes 500-750 done
    modes 750-943 done
  saved 150 multipoles to /tmp/n66/r7091/cr_oneclock.npz
  --------------------------------------------------------------------------
  PEAKS (line-of-sight, HIERARCHY)   l_A = 300.3
  --------------------------------------------------------------------------
    peaks at l = [220, 532, 812, 1124]
    l_1/l_A = 0.7326   P1/P2 = 2.080   P1/P3 = 2.094
    sky: 220.6 / 538.1 / 809.8,  l_1/l_A = 0.7312,  P1/P2 = 2.217,  P1/P3 = 2.277
__DONE__ rc=0
